2025-02-18 22:19:10,812 [DEBUG]  Available web server routes: 
/conversations/<conversation_id:path>/messages     POST                           add_message
/conversations/<conversation_id:path>/tracker/events POST                           append_events
/webhooks/rasa                                     GET                            custom_webhook_RasaChatInput.health
/webhooks/rasa/webhook                             POST                           custom_webhook_RasaChatInput.receive
/webhooks/rest                                     GET                            custom_webhook_RestInput.health
/webhooks/rest/webhook                             POST                           custom_webhook_RestInput.receive
/model/test/intents                                POST                           evaluate_intents
/model/test/stories                                POST                           evaluate_stories
/conversations/<conversation_id:path>/execute      POST                           execute_action
/domain                                            GET                            get_domain
/                                                  GET                            hello
/model                                             PUT                            load_model
/model/parse                                       POST                           parse
/conversations/<conversation_id:path>/predict      POST                           predict
/conversations/<conversation_id:path>/tracker/events PUT                            replace_events
/conversations/<conversation_id:path>/story        GET                            retrieve_story
/conversations/<conversation_id:path>/tracker      GET                            retrieve_tracker
/status                                            GET                            status
/model/predict                                     POST                           tracker_predict
/model/train                                       POST                           train
/conversations/<conversation_id:path>/trigger_intent POST                           trigger_intent
/model                                             DELETE                         unload_model
/version                                           GET                            version
2025-02-18 22:19:10,813 [INFO ]  Starting Rasa server on http://0.0.0.0:5005
2025-02-18 22:19:10,814 [DEBUG]  Using the default number of Sanic workers (1).
2025-02-18 22:19:11,020 [DEBUG]  Skipping telemetry reporting: no license hash found.
2025-02-18 22:19:11,056 [DEBUG]  Connected to InMemoryTrackerStore.
2025-02-18 22:19:11,057 [DEBUG]  Connected to lock store 'InMemoryLockStore'.
2025-02-18 22:19:11,058 [DEBUG]  Instantiated NLG to 'TemplatedNaturalLanguageGenerator'.
2025-02-18 22:19:11,059 [INFO ]  Loading model models\20250218-215915-cheerful-file.tar.gz...
2025-02-18 22:19:11,183 [DEBUG]  Extracted model to 'C:\Users\den-e\AppData\Local\Temp\tmp335dla9f'.
2025-02-18 22:19:11,201 [DEBUG]  Node 'nlu_message_converter' loading 'NLUMessageConverter.load' and kwargs: '{}'.
2025-02-18 22:19:11,201 [DEBUG]  Node 'run_WhitespaceTokenizer0' loading 'WhitespaceTokenizer.load' and kwargs: '{}'.
2025-02-18 22:19:11,204 [DEBUG]  Node 'run_RegexFeaturizer1' loading 'RegexFeaturizer.load' and kwargs: '{}'.
2025-02-18 22:19:11,204 [DEBUG]  Resource 'train_RegexFeaturizer1' was requested for reading.
2025-02-18 22:19:11,205 [DEBUG]  Node 'run_LexicalSyntacticFeaturizer2' loading 'LexicalSyntacticFeaturizer.load' and kwargs: '{}'.
2025-02-18 22:19:11,205 [DEBUG]  Resource 'train_LexicalSyntacticFeaturizer2' was requested for reading.
2025-02-18 22:19:11,207 [DEBUG]  Node 'run_CountVectorsFeaturizer3' loading 'CountVectorsFeaturizer.load' and kwargs: '{}'.
2025-02-18 22:19:11,207 [DEBUG]  Resource 'train_CountVectorsFeaturizer3' was requested for reading.
2025-02-18 22:19:11,221 [DEBUG]  Node 'run_LanguageModelFeaturizer4' loading 'LanguageModelFeaturizer.load' and kwargs: '{}'.
2025-02-18 22:19:12,422 [DEBUG]  Loading Tokenizer and Model for bert
2025-02-18 22:19:12,425 [DEBUG]  Starting new HTTPS connection (1): huggingface.co:443
2025-02-18 22:19:12,841 [DEBUG]  https://huggingface.co:443 "HEAD /bert-base-cased/resolve/main/tokenizer_config.json HTTP/1.1" 200 0
2025-02-18 22:19:13,133 [DEBUG]  https://huggingface.co:443 "HEAD /bert-base-cased/resolve/main/config.json HTTP/1.1" 200 0
2025-02-18 22:19:14,666 [DEBUG]  Node 'run_DIETClassifier5' loading 'DIETClassifier.load' and kwargs: '{}'.
2025-02-18 22:19:14,667 [DEBUG]  Resource 'train_DIETClassifier5' was requested for reading.
2025-02-18 22:19:14,689 [DEBUG]  Loading the model from C:\Users\den-e\AppData\Local\Temp\tmp24i3gdng\train_DIETClassifier5\DIETClassifier.tf_model with finetune_mode=False...
2025-02-18 22:19:14,704 [DEBUG]  You specified 'DIET' to train entities, but no entities are present in the training data. Skipping training of entities.
2025-02-18 22:19:14,727 [DEBUG]  Following metrics will be logged during training: 
2025-02-18 22:19:14,727 [DEBUG]    t_loss (total loss)
2025-02-18 22:19:14,727 [DEBUG]    i_acc (intent acc)
2025-02-18 22:19:14,727 [DEBUG]    i_loss (intent loss)
2025-02-18 22:19:23,885 [DEBUG]  Finished loading the model.
2025-02-18 22:19:23,886 [DEBUG]  Node 'run_EntitySynonymMapper6' loading 'EntitySynonymMapper.load' and kwargs: '{}'.
2025-02-18 22:19:23,886 [DEBUG]  Resource 'train_EntitySynonymMapper6' was requested for reading.
2025-02-18 22:19:23,886 [DEBUG]  Failed to load ABCMeta from model storage. Resource 'train_EntitySynonymMapper6' doesn't exist.
2025-02-18 22:19:23,886 [DEBUG]  Node 'run_ResponseSelector7' loading 'ResponseSelector.load' and kwargs: '{}'.
2025-02-18 22:19:23,886 [DEBUG]  Resource 'train_ResponseSelector7' was requested for reading.
2025-02-18 22:19:23,886 [DEBUG]  Failed to load ABCMeta from model storage. Resource 'train_ResponseSelector7' doesn't exist.
2025-02-18 22:19:23,887 [DEBUG]  Resource 'train_ResponseSelector7' was requested for reading.
2025-02-18 22:19:23,887 [DEBUG]  Failed to load ResponseSelector from model storage. Resource 'train_ResponseSelector7' doesn't exist.
2025-02-18 22:19:23,887 [DEBUG]  Node 'run_RegexMessageHandler' loading 'RegexMessageHandler.load' and kwargs: '{}'.
2025-02-18 22:19:23,887 [DEBUG]  Node 'domain_provider' loading 'DomainProvider.load' and kwargs: '{}'.
2025-02-18 22:19:23,887 [DEBUG]  Resource 'domain_provider' was requested for reading.
2025-02-18 22:19:23,908 [DEBUG]  Node 'run_MemoizationPolicy0' loading 'MemoizationPolicy.load' and kwargs: '{}'.
2025-02-18 22:19:23,908 [DEBUG]  Resource 'train_MemoizationPolicy0' was requested for reading.
2025-02-18 22:19:23,912 [DEBUG]  Node 'run_RulePolicy1' loading 'RulePolicy.load' and kwargs: '{}'.
2025-02-18 22:19:23,912 [DEBUG]  Resource 'train_RulePolicy1' was requested for reading.
2025-02-18 22:19:23,914 [DEBUG]  Node 'run_TEDPolicy2' loading 'TEDPolicy.load' and kwargs: '{}'.
2025-02-18 22:19:23,914 [DEBUG]  Resource 'train_TEDPolicy2' was requested for reading.
2025-02-18 22:19:23,931 [DEBUG]  Loading the model from C:\Users\den-e\AppData\Local\Temp\tmp24i3gdng\train_TEDPolicy2\ted_policy.tf_model with finetune_mode=False...
2025-02-18 22:19:32,287 [DEBUG]  Finished loading the model.
2025-02-18 22:19:32,287 [DEBUG]  Node 'rule_only_data_provider' loading 'RuleOnlyDataProvider.load' and kwargs: '{}'.
2025-02-18 22:19:32,287 [DEBUG]  Resource 'train_RulePolicy1' was requested for reading.
2025-02-18 22:19:32,289 [DEBUG]  Node 'select_prediction' loading 'DefaultPolicyPredictionEnsemble.load' and kwargs: '{}'.
2025-02-18 22:19:32,300 [INFO ]  Rasa server is up and running.
2025-02-18 22:19:32,301 [INFO ]  Enabling coroutine debugging. Loop id 2185950502768.
2025-02-18 22:20:29,921 [DEBUG]  Issuing ticket for conversation 'PractikumStudent'.
2025-02-18 22:20:29,921 [DEBUG]  Acquiring lock for conversation 'PractikumStudent'.
2025-02-18 22:20:29,921 [DEBUG]  Acquired lock for conversation 'PractikumStudent'.
2025-02-18 22:20:29,921 [DEBUG]  Could not find tracker for conversation ID 'PractikumStudent'.
2025-02-18 22:20:29,921 [DEBUG]  No event broker configured. Skipping streaming events.
2025-02-18 22:20:29,922 [DEBUG]  Starting a new session for conversation ID 'PractikumStudent'.
2025-02-18 22:20:29,925 [DEBUG]  [[32m[1mdebug    [0m] [1mprocessor.actions.policy_prediction[0m [36mprediction_events[0m=[35m[][0m
2025-02-18 22:20:29,925 [DEBUG]  [[32m[1mdebug    [0m] [1mprocessor.actions.log         [0m [36maction_name[0m=[35maction_session_start[0m [36mrasa_events[0m=[35m[<rasa.shared.core.events.SessionStarted object at 0x000001FCADB22160>, ActionExecuted(action: action_listen, policy: None, confidence: None)][0m
2025-02-18 22:20:29,926 [DEBUG]  [[32m[1mdebug    [0m] [1mprocessor.slots.log           [0m [36mslot_values[0m=[35m	topic: None
	session_started_metadata: None[0m
2025-02-18 22:20:29,926 [DEBUG]  Running graph with inputs: {'__message__': [<rasa.core.channels.channel.UserMessage object at 0x000001FCAC84C490>], '__tracker__': <rasa.shared.core.trackers.DialogueStateTracker object at 0x000001FCAC84C940>}, targets: ['run_RegexMessageHandler'] and ExecutionContext(model_id='62e8a5f53d784eb4a041029ac42da9ba', should_add_diagnostic_data=False, is_finetuning=False, node_name=None).
2025-02-18 22:20:29,927 [DEBUG]  Node 'nlu_message_converter' running 'NLUMessageConverter.convert_user_message'.
2025-02-18 22:20:29,927 [DEBUG]  Node 'run_WhitespaceTokenizer0' running 'WhitespaceTokenizer.process'.
2025-02-18 22:20:29,928 [DEBUG]  Node 'run_RegexFeaturizer1' running 'RegexFeaturizer.process'.
2025-02-18 22:20:29,928 [DEBUG]  Node 'run_LexicalSyntacticFeaturizer2' running 'LexicalSyntacticFeaturizer.process'.
2025-02-18 22:20:29,928 [DEBUG]  Node 'run_CountVectorsFeaturizer3' running 'CountVectorsFeaturizer.process'.
2025-02-18 22:20:29,929 [DEBUG]  Node 'run_LanguageModelFeaturizer4' running 'LanguageModelFeaturizer.process'.
2025-02-18 22:20:30,120 [DEBUG]  Node 'run_DIETClassifier5' running 'DIETClassifier.process'.
2025-02-18 22:20:30,352 [DEBUG]  Node 'run_EntitySynonymMapper6' running 'EntitySynonymMapper.process'.
2025-02-18 22:20:30,353 [DEBUG]  Node 'run_ResponseSelector7' running 'ResponseSelector.process'.
2025-02-18 22:20:30,353 [DEBUG]  There is no trained model for 'ResponseSelector': The component is either not trained or didn't receive enough training data.
2025-02-18 22:20:30,353 [DEBUG]  Adding following selector key to message property: default
2025-02-18 22:20:30,353 [DEBUG]  Node 'domain_provider' running 'DomainProvider.provide_inference'.
2025-02-18 22:20:30,353 [DEBUG]  Node 'run_RegexMessageHandler' running 'RegexMessageHandler.process'.
2025-02-18 22:20:30,354 [DEBUG]  [[32m[1mdebug    [0m] [1mprocessor.message.parse       [0m [36mparse_data_entities[0m=[35m[][0m [36mparse_data_intent[0m=[35m{'name': 'greet', 'confidence': 0.9363037347793579}[0m [36mparse_data_text[0m=[35mПривет[0m
2025-02-18 22:20:30,354 [DEBUG]  Logged UserUtterance - tracker now has 4 events.
2025-02-18 22:20:30,356 [DEBUG]  Validating extracted slots: topic
2025-02-18 22:20:30,356 [DEBUG]  [[32m[1mdebug    [0m] [1mprocessor.extract.slots       [0m [36maction_extract_slot[0m=[35maction_extract_slots[0m [36mlen_extraction_events[0m=[35m1[0m [36mrasa_events[0m=[35m[SlotSet(key: topic, value: Привет)][0m
2025-02-18 22:20:30,356 [DEBUG]  Running graph with inputs: {'__tracker__': <rasa.shared.core.trackers.DialogueStateTracker object at 0x000001FCAC84C940>}, targets: ['select_prediction'] and ExecutionContext(model_id='62e8a5f53d784eb4a041029ac42da9ba', should_add_diagnostic_data=False, is_finetuning=False, node_name=None).
2025-02-18 22:20:30,357 [DEBUG]  Node 'rule_only_data_provider' running 'RuleOnlyDataProvider.provide'.
2025-02-18 22:20:30,357 [DEBUG]  Node 'domain_provider' running 'DomainProvider.provide_inference'.
2025-02-18 22:20:30,357 [DEBUG]  Node 'run_MemoizationPolicy0' running 'MemoizationPolicy.predict_action_probabilities'.
2025-02-18 22:20:30,357 [DEBUG]  [[32m[1mdebug    [0m] [1mmemoization.predict.actions   [0m [36mtracker_states[0m=[35m[{}, {'user': {'intent': 'greet'}, 'prev_action': {'action_name': 'action_listen'}}][0m
2025-02-18 22:20:30,358 [DEBUG]  There is a memorised next action 'utter_greet'
2025-02-18 22:20:30,358 [DEBUG]  Node 'run_RulePolicy1' running 'RulePolicy.predict_action_probabilities'.
2025-02-18 22:20:30,358 [DEBUG]  [[32m[1mdebug    [0m] [1mrule_policy.actions.find      [0m [36mcurrent_states[0m=[35m
[state 1] user text: Привет | previous action name: action_listen[0m
2025-02-18 22:20:30,358 [DEBUG]  There is no applicable rule.
2025-02-18 22:20:30,359 [DEBUG]  [[32m[1mdebug    [0m] [1mrule_policy.actions.find      [0m [36mcurrent_states[0m=[35m
[state 1] user intent: greet | previous action name: action_listen[0m
2025-02-18 22:20:30,359 [DEBUG]  There is a rule for the next action 'utter_greet'.
2025-02-18 22:20:30,359 [DEBUG]  Node 'run_TEDPolicy2' running 'TEDPolicy.predict_action_probabilities'.
2025-02-18 22:20:30,362 [DEBUG]  TED predicted 'action_session_start' based on user intent.
2025-02-18 22:20:30,363 [DEBUG]  Node 'select_prediction' running 'DefaultPolicyPredictionEnsemble.combine_predictions_from_kwargs'.
2025-02-18 22:20:30,363 [DEBUG]  Made prediction using user intent.
2025-02-18 22:20:30,363 [DEBUG]  Added `DefinePrevUserUtteredFeaturization(False)` event.
2025-02-18 22:20:30,363 [DEBUG]  Predicted next action using RulePolicy.
2025-02-18 22:20:30,363 [DEBUG]  Predicted next action 'utter_greet' with confidence 1.00.
2025-02-18 22:20:30,364 [DEBUG]  [[32m[1mdebug    [0m] [1mprocessor.actions.policy_prediction[0m [36mprediction_events[0m=[35m[<rasa.shared.core.events.DefinePrevUserUtteredFeaturization object at 0x000001FCADB22790>][0m
2025-02-18 22:20:30,364 [DEBUG]  [[32m[1mdebug    [0m] [1mprocessor.actions.log         [0m [36maction_name[0m=[35mutter_greet[0m [36mrasa_events[0m=[35m[BotUttered('Здравствуйте! Как я могу вам помочь в вопросах архитектуры ПО?', {"elements": null, "quick_replies": null, "buttons": null, "attachment": null, "image": null, "custom": null}, {"utter_action": "utter_greet"}, 1739906430.364415)][0m
2025-02-18 22:20:30,365 [DEBUG]  Running graph with inputs: {'__tracker__': <rasa.shared.core.trackers.DialogueStateTracker object at 0x000001FCAC84C940>}, targets: ['select_prediction'] and ExecutionContext(model_id='62e8a5f53d784eb4a041029ac42da9ba', should_add_diagnostic_data=False, is_finetuning=False, node_name=None).
2025-02-18 22:20:30,365 [DEBUG]  Node 'rule_only_data_provider' running 'RuleOnlyDataProvider.provide'.
2025-02-18 22:20:30,365 [DEBUG]  Node 'domain_provider' running 'DomainProvider.provide_inference'.
2025-02-18 22:20:30,365 [DEBUG]  Node 'run_MemoizationPolicy0' running 'MemoizationPolicy.predict_action_probabilities'.
2025-02-18 22:20:30,366 [DEBUG]  [[32m[1mdebug    [0m] [1mmemoization.predict.actions   [0m [36mtracker_states[0m=[35m[{'user': {'intent': 'greet'}, 'prev_action': {'action_name': 'action_listen'}}, {'user': {'intent': 'greet'}, 'prev_action': {'action_name': 'utter_greet'}}][0m
2025-02-18 22:20:30,366 [DEBUG]  There is a memorised next action 'action_listen'
2025-02-18 22:20:30,366 [DEBUG]  Node 'run_RulePolicy1' running 'RulePolicy.predict_action_probabilities'.
2025-02-18 22:20:30,367 [DEBUG]  [[32m[1mdebug    [0m] [1mrule_policy.actions.find      [0m [36mcurrent_states[0m=[35m
[state 1] user intent: greet | previous action name: action_listen
[state 2] user intent: greet | previous action name: utter_greet[0m
2025-02-18 22:20:30,367 [DEBUG]  There is a rule for the next action 'action_listen'.
2025-02-18 22:20:30,367 [DEBUG]  Node 'run_TEDPolicy2' running 'TEDPolicy.predict_action_probabilities'.
2025-02-18 22:20:30,370 [DEBUG]  TED predicted 'utter_architecture_response' based on user intent.
2025-02-18 22:20:30,371 [DEBUG]  Node 'select_prediction' running 'DefaultPolicyPredictionEnsemble.combine_predictions_from_kwargs'.
2025-02-18 22:20:30,371 [DEBUG]  Predicted next action using RulePolicy.
2025-02-18 22:20:30,371 [DEBUG]  Predicted next action 'action_listen' with confidence 1.00.
2025-02-18 22:20:30,372 [DEBUG]  [[32m[1mdebug    [0m] [1mprocessor.actions.policy_prediction[0m [36mprediction_events[0m=[35m[][0m
2025-02-18 22:20:30,372 [DEBUG]  [[32m[1mdebug    [0m] [1mprocessor.actions.log         [0m [36maction_name[0m=[35maction_listen[0m [36mrasa_events[0m=[35m[][0m
2025-02-18 22:20:30,372 [DEBUG]  No event broker configured. Skipping streaming events.
2025-02-18 22:20:30,372 [DEBUG]  Deleted lock for conversation 'PractikumStudent'.
2025-02-18 22:20:37,286 [DEBUG]  Issuing ticket for conversation 'PractikumStudent'.
2025-02-18 22:20:37,287 [DEBUG]  Acquiring lock for conversation 'PractikumStudent'.
2025-02-18 22:20:37,287 [DEBUG]  Acquired lock for conversation 'PractikumStudent'.
2025-02-18 22:20:37,287 [DEBUG]  Recreating tracker for id 'PractikumStudent'
2025-02-18 22:20:37,288 [DEBUG]  Running graph with inputs: {'__message__': [<rasa.core.channels.channel.UserMessage object at 0x000001FCAC84C850>], '__tracker__': <rasa.shared.core.trackers.DialogueStateTracker object at 0x000001FCAC84CB20>}, targets: ['run_RegexMessageHandler'] and ExecutionContext(model_id='62e8a5f53d784eb4a041029ac42da9ba', should_add_diagnostic_data=False, is_finetuning=False, node_name=None).
2025-02-18 22:20:37,288 [DEBUG]  Node 'nlu_message_converter' running 'NLUMessageConverter.convert_user_message'.
2025-02-18 22:20:37,288 [DEBUG]  Node 'run_WhitespaceTokenizer0' running 'WhitespaceTokenizer.process'.
2025-02-18 22:20:37,289 [DEBUG]  Node 'run_RegexFeaturizer1' running 'RegexFeaturizer.process'.
2025-02-18 22:20:37,289 [DEBUG]  Node 'run_LexicalSyntacticFeaturizer2' running 'LexicalSyntacticFeaturizer.process'.
2025-02-18 22:20:37,289 [DEBUG]  Node 'run_CountVectorsFeaturizer3' running 'CountVectorsFeaturizer.process'.
2025-02-18 22:20:37,290 [DEBUG]  Node 'run_LanguageModelFeaturizer4' running 'LanguageModelFeaturizer.process'.
2025-02-18 22:20:37,516 [DEBUG]  Node 'run_DIETClassifier5' running 'DIETClassifier.process'.
2025-02-18 22:20:37,520 [DEBUG]  Node 'run_EntitySynonymMapper6' running 'EntitySynonymMapper.process'.
2025-02-18 22:20:37,520 [DEBUG]  Node 'run_ResponseSelector7' running 'ResponseSelector.process'.
2025-02-18 22:20:37,520 [DEBUG]  There is no trained model for 'ResponseSelector': The component is either not trained or didn't receive enough training data.
2025-02-18 22:20:37,520 [DEBUG]  Adding following selector key to message property: default
2025-02-18 22:20:37,521 [DEBUG]  Node 'domain_provider' running 'DomainProvider.provide_inference'.
2025-02-18 22:20:37,521 [DEBUG]  Node 'run_RegexMessageHandler' running 'RegexMessageHandler.process'.
2025-02-18 22:20:37,521 [DEBUG]  [[32m[1mdebug    [0m] [1mprocessor.message.parse       [0m [36mparse_data_entities[0m=[35m[][0m [36mparse_data_intent[0m=[35m{'name': 'ask_architecture', 'confidence': 0.9923136830329895}[0m [36mparse_data_text[0m=[35mРасскажи об архитектуре ПО[0m
2025-02-18 22:20:37,522 [DEBUG]  Logged UserUtterance - tracker now has 10 events.
2025-02-18 22:20:37,522 [DEBUG]  Validating extracted slots: topic
2025-02-18 22:20:37,522 [DEBUG]  [[32m[1mdebug    [0m] [1mprocessor.extract.slots       [0m [36maction_extract_slot[0m=[35maction_extract_slots[0m [36mlen_extraction_events[0m=[35m1[0m [36mrasa_events[0m=[35m[SlotSet(key: topic, value: Расскажи об архитектуре ПО)][0m
2025-02-18 22:20:37,523 [DEBUG]  Running graph with inputs: {'__tracker__': <rasa.shared.core.trackers.DialogueStateTracker object at 0x000001FCAC84CB20>}, targets: ['select_prediction'] and ExecutionContext(model_id='62e8a5f53d784eb4a041029ac42da9ba', should_add_diagnostic_data=False, is_finetuning=False, node_name=None).
2025-02-18 22:20:37,523 [DEBUG]  Node 'rule_only_data_provider' running 'RuleOnlyDataProvider.provide'.
2025-02-18 22:20:37,523 [DEBUG]  Node 'domain_provider' running 'DomainProvider.provide_inference'.
2025-02-18 22:20:37,523 [DEBUG]  Node 'run_MemoizationPolicy0' running 'MemoizationPolicy.predict_action_probabilities'.
2025-02-18 22:20:37,524 [DEBUG]  [[32m[1mdebug    [0m] [1mmemoization.predict.actions   [0m [36mtracker_states[0m=[35m[{'user': {'intent': 'greet'}, 'prev_action': {'action_name': 'utter_greet'}}, {'user': {'intent': 'ask_architecture'}, 'prev_action': {'action_name': 'action_listen'}}][0m
2025-02-18 22:20:37,524 [DEBUG]  There is a memorised next action 'utter_architecture_response'
2025-02-18 22:20:37,524 [DEBUG]  Node 'run_RulePolicy1' running 'RulePolicy.predict_action_probabilities'.
2025-02-18 22:20:37,524 [DEBUG]  [[32m[1mdebug    [0m] [1mrule_policy.actions.find      [0m [36mcurrent_states[0m=[35m
[state 1] user intent: greet | previous action name: action_listen
[state 2] user intent: greet | previous action name: utter_greet
[state 3] user text: Расскажи об архитектуре ПО | previous action name: action_listen[0m
2025-02-18 22:20:37,524 [DEBUG]  There is no applicable rule.
2025-02-18 22:20:37,525 [DEBUG]  [[32m[1mdebug    [0m] [1mrule_policy.actions.find      [0m [36mcurrent_states[0m=[35m
[state 1] user intent: greet | previous action name: action_listen
[state 2] user intent: greet | previous action name: utter_greet
[state 3] user intent: ask_architecture | previous action name: action_listen[0m
2025-02-18 22:20:37,525 [DEBUG]  There is a rule for the next action 'utter_architecture_response'.
2025-02-18 22:20:37,525 [DEBUG]  Node 'run_TEDPolicy2' running 'TEDPolicy.predict_action_probabilities'.
2025-02-18 22:20:37,529 [DEBUG]  TED predicted 'utter_architecture_response' based on user intent.
2025-02-18 22:20:37,530 [DEBUG]  Node 'select_prediction' running 'DefaultPolicyPredictionEnsemble.combine_predictions_from_kwargs'.
2025-02-18 22:20:37,530 [DEBUG]  Made prediction using user intent.
2025-02-18 22:20:37,530 [DEBUG]  Added `DefinePrevUserUtteredFeaturization(False)` event.
2025-02-18 22:20:37,530 [DEBUG]  Predicted next action using RulePolicy.
2025-02-18 22:20:37,530 [DEBUG]  Predicted next action 'utter_architecture_response' with confidence 1.00.
2025-02-18 22:20:37,532 [DEBUG]  [[32m[1mdebug    [0m] [1mprocessor.actions.policy_prediction[0m [36mprediction_events[0m=[35m[<rasa.shared.core.events.DefinePrevUserUtteredFeaturization object at 0x000001FCA85F2EB0>][0m
2025-02-18 22:20:37,532 [DEBUG]  [[32m[1mdebug    [0m] [1mprocessor.actions.log         [0m [36maction_name[0m=[35mutter_architecture_response[0m [36mrasa_events[0m=[35m[BotUttered('Архитектура ПО включает выбор структур, которые обеспечивают масштабируемость, гибкость и поддерживаемость приложения. Задайте конкретный вопрос по этой теме, и я помогу вам с информацией.', {"elements": null, "quick_replies": null, "buttons": null, "attachment": null, "image": null, "custom": null}, {"utter_action": "utter_architecture_response"}, 1739906437.5320137)][0m
2025-02-18 22:20:37,532 [DEBUG]  Running graph with inputs: {'__tracker__': <rasa.shared.core.trackers.DialogueStateTracker object at 0x000001FCAC84CB20>}, targets: ['select_prediction'] and ExecutionContext(model_id='62e8a5f53d784eb4a041029ac42da9ba', should_add_diagnostic_data=False, is_finetuning=False, node_name=None).
2025-02-18 22:20:37,532 [DEBUG]  Node 'rule_only_data_provider' running 'RuleOnlyDataProvider.provide'.
2025-02-18 22:20:37,532 [DEBUG]  Node 'domain_provider' running 'DomainProvider.provide_inference'.
2025-02-18 22:20:37,532 [DEBUG]  Node 'run_MemoizationPolicy0' running 'MemoizationPolicy.predict_action_probabilities'.
2025-02-18 22:20:37,533 [DEBUG]  [[32m[1mdebug    [0m] [1mmemoization.predict.actions   [0m [36mtracker_states[0m=[35m[{'user': {'intent': 'ask_architecture'}, 'prev_action': {'action_name': 'action_listen'}}, {'user': {'intent': 'ask_architecture'}, 'prev_action': {'action_name': 'utter_architecture_response'}}][0m
2025-02-18 22:20:37,533 [DEBUG]  There is a memorised next action 'action_listen'
2025-02-18 22:20:37,533 [DEBUG]  Node 'run_RulePolicy1' running 'RulePolicy.predict_action_probabilities'.
2025-02-18 22:20:37,534 [DEBUG]  [[32m[1mdebug    [0m] [1mrule_policy.actions.find      [0m [36mcurrent_states[0m=[35m
[state 1] user intent: greet | previous action name: action_listen
[state 2] user intent: greet | previous action name: utter_greet
[state 3] user intent: ask_architecture | previous action name: action_listen
[state 4] user intent: ask_architecture | previous action name: utter_architecture_response[0m
2025-02-18 22:20:37,534 [DEBUG]  There is a rule for the next action 'action_listen'.
2025-02-18 22:20:37,534 [DEBUG]  Node 'run_TEDPolicy2' running 'TEDPolicy.predict_action_probabilities'.
2025-02-18 22:20:37,537 [DEBUG]  TED predicted 'utter_acknowledge' based on user intent.
2025-02-18 22:20:37,538 [DEBUG]  Node 'select_prediction' running 'DefaultPolicyPredictionEnsemble.combine_predictions_from_kwargs'.
2025-02-18 22:20:37,538 [DEBUG]  Predicted next action using RulePolicy.
2025-02-18 22:20:37,538 [DEBUG]  Predicted next action 'action_listen' with confidence 1.00.
2025-02-18 22:20:37,538 [DEBUG]  [[32m[1mdebug    [0m] [1mprocessor.actions.policy_prediction[0m [36mprediction_events[0m=[35m[][0m
2025-02-18 22:20:37,538 [DEBUG]  [[32m[1mdebug    [0m] [1mprocessor.actions.log         [0m [36maction_name[0m=[35maction_listen[0m [36mrasa_events[0m=[35m[][0m
2025-02-18 22:20:37,539 [DEBUG]  No event broker configured. Skipping streaming events.
2025-02-18 22:20:37,539 [DEBUG]  Deleted lock for conversation 'PractikumStudent'.
2025-02-18 22:21:00,364 [DEBUG]  Issuing ticket for conversation 'PractikumStudent'.
2025-02-18 22:21:00,364 [DEBUG]  Acquiring lock for conversation 'PractikumStudent'.
2025-02-18 22:21:00,364 [DEBUG]  Acquired lock for conversation 'PractikumStudent'.
2025-02-18 22:21:00,365 [DEBUG]  Recreating tracker for id 'PractikumStudent'
2025-02-18 22:21:00,366 [DEBUG]  Running graph with inputs: {'__message__': [<rasa.core.channels.channel.UserMessage object at 0x000001FCB33F0DC0>], '__tracker__': <rasa.shared.core.trackers.DialogueStateTracker object at 0x000001FCAC84C850>}, targets: ['run_RegexMessageHandler'] and ExecutionContext(model_id='62e8a5f53d784eb4a041029ac42da9ba', should_add_diagnostic_data=False, is_finetuning=False, node_name=None).
2025-02-18 22:21:00,367 [DEBUG]  Node 'nlu_message_converter' running 'NLUMessageConverter.convert_user_message'.
2025-02-18 22:21:00,367 [DEBUG]  Node 'run_WhitespaceTokenizer0' running 'WhitespaceTokenizer.process'.
2025-02-18 22:21:00,367 [DEBUG]  Node 'run_RegexFeaturizer1' running 'RegexFeaturizer.process'.
2025-02-18 22:21:00,367 [DEBUG]  Node 'run_LexicalSyntacticFeaturizer2' running 'LexicalSyntacticFeaturizer.process'.
2025-02-18 22:21:00,368 [DEBUG]  Node 'run_CountVectorsFeaturizer3' running 'CountVectorsFeaturizer.process'.
2025-02-18 22:21:00,369 [DEBUG]  Node 'run_LanguageModelFeaturizer4' running 'LanguageModelFeaturizer.process'.
2025-02-18 22:21:00,597 [DEBUG]  Node 'run_DIETClassifier5' running 'DIETClassifier.process'.
2025-02-18 22:21:00,601 [DEBUG]  Node 'run_EntitySynonymMapper6' running 'EntitySynonymMapper.process'.
2025-02-18 22:21:00,601 [DEBUG]  Node 'run_ResponseSelector7' running 'ResponseSelector.process'.
2025-02-18 22:21:00,601 [DEBUG]  There is no trained model for 'ResponseSelector': The component is either not trained or didn't receive enough training data.
2025-02-18 22:21:00,601 [DEBUG]  Adding following selector key to message property: default
2025-02-18 22:21:00,601 [DEBUG]  Node 'domain_provider' running 'DomainProvider.provide_inference'.
2025-02-18 22:21:00,602 [DEBUG]  Node 'run_RegexMessageHandler' running 'RegexMessageHandler.process'.
2025-02-18 22:21:00,602 [DEBUG]  [[32m[1mdebug    [0m] [1mprocessor.message.parse       [0m [36mparse_data_entities[0m=[35m[][0m [36mparse_data_intent[0m=[35m{'name': 'ask_architecture', 'confidence': 0.9427667856216431}[0m [36mparse_data_text[0m=[35mКак выбрать правильный подход?[0m
2025-02-18 22:21:00,602 [DEBUG]  Logged UserUtterance - tracker now has 16 events.
2025-02-18 22:21:00,603 [DEBUG]  Validating extracted slots: topic
2025-02-18 22:21:00,603 [DEBUG]  [[32m[1mdebug    [0m] [1mprocessor.extract.slots       [0m [36maction_extract_slot[0m=[35maction_extract_slots[0m [36mlen_extraction_events[0m=[35m1[0m [36mrasa_events[0m=[35m[SlotSet(key: topic, value: Как выбрать правильный подход?)][0m
2025-02-18 22:21:00,603 [DEBUG]  Running graph with inputs: {'__tracker__': <rasa.shared.core.trackers.DialogueStateTracker object at 0x000001FCAC84C850>}, targets: ['select_prediction'] and ExecutionContext(model_id='62e8a5f53d784eb4a041029ac42da9ba', should_add_diagnostic_data=False, is_finetuning=False, node_name=None).
2025-02-18 22:21:00,603 [DEBUG]  Node 'rule_only_data_provider' running 'RuleOnlyDataProvider.provide'.
2025-02-18 22:21:00,604 [DEBUG]  Node 'domain_provider' running 'DomainProvider.provide_inference'.
2025-02-18 22:21:00,604 [DEBUG]  Node 'run_MemoizationPolicy0' running 'MemoizationPolicy.predict_action_probabilities'.
2025-02-18 22:21:00,604 [DEBUG]  [[32m[1mdebug    [0m] [1mmemoization.predict.actions   [0m [36mtracker_states[0m=[35m[{'user': {'intent': 'ask_architecture'}, 'prev_action': {'action_name': 'utter_architecture_response'}}, {'user': {'intent': 'ask_architecture'}, 'prev_action': {'action_name': 'action_listen'}}][0m
2025-02-18 22:21:00,604 [DEBUG]  There is no memorised next action
2025-02-18 22:21:00,604 [DEBUG]  Node 'run_RulePolicy1' running 'RulePolicy.predict_action_probabilities'.
2025-02-18 22:21:00,605 [DEBUG]  [[32m[1mdebug    [0m] [1mrule_policy.actions.find      [0m [36mcurrent_states[0m=[35m
[state 1] user intent: greet | previous action name: action_listen
[state 2] user intent: greet | previous action name: utter_greet
[state 3] user intent: ask_architecture | previous action name: action_listen
[state 4] user intent: ask_architecture | previous action name: utter_architecture_response
[state 5] user text: Как выбрать правильный подход? | previous action name: action_listen[0m
2025-02-18 22:21:00,605 [DEBUG]  There is no applicable rule.
2025-02-18 22:21:00,605 [DEBUG]  [[32m[1mdebug    [0m] [1mrule_policy.actions.find      [0m [36mcurrent_states[0m=[35m
[state 1] user intent: greet | previous action name: action_listen
[state 2] user intent: greet | previous action name: utter_greet
[state 3] user intent: ask_architecture | previous action name: action_listen
[state 4] user intent: ask_architecture | previous action name: utter_architecture_response
[state 5] user intent: ask_architecture | previous action name: action_listen[0m
2025-02-18 22:21:00,606 [DEBUG]  There is a rule for the next action 'utter_architecture_response'.
2025-02-18 22:21:00,606 [DEBUG]  Node 'run_TEDPolicy2' running 'TEDPolicy.predict_action_probabilities'.
2025-02-18 22:21:00,608 [DEBUG]  TED predicted 'utter_architecture_response' based on user intent.
2025-02-18 22:21:00,609 [DEBUG]  Node 'select_prediction' running 'DefaultPolicyPredictionEnsemble.combine_predictions_from_kwargs'.
2025-02-18 22:21:00,609 [DEBUG]  Made prediction using user intent.
2025-02-18 22:21:00,609 [DEBUG]  Added `DefinePrevUserUtteredFeaturization(False)` event.
2025-02-18 22:21:00,609 [DEBUG]  Predicted next action using RulePolicy.
2025-02-18 22:21:00,609 [DEBUG]  Predicted next action 'utter_architecture_response' with confidence 1.00.
2025-02-18 22:21:00,610 [DEBUG]  [[32m[1mdebug    [0m] [1mprocessor.actions.policy_prediction[0m [36mprediction_events[0m=[35m[<rasa.shared.core.events.DefinePrevUserUtteredFeaturization object at 0x000001FCA85F2A60>][0m
2025-02-18 22:21:00,610 [DEBUG]  [[32m[1mdebug    [0m] [1mprocessor.actions.log         [0m [36maction_name[0m=[35mutter_architecture_response[0m [36mrasa_events[0m=[35m[BotUttered('В архитектуре ПО важны такие аспекты, как микросервисы, монолитная архитектура и серверлесс. Чем могу помочь более конкретно?', {"elements": null, "quick_replies": null, "buttons": null, "attachment": null, "image": null, "custom": null}, {"utter_action": "utter_architecture_response"}, 1739906460.6093879)][0m
2025-02-18 22:21:00,610 [DEBUG]  Running graph with inputs: {'__tracker__': <rasa.shared.core.trackers.DialogueStateTracker object at 0x000001FCAC84C850>}, targets: ['select_prediction'] and ExecutionContext(model_id='62e8a5f53d784eb4a041029ac42da9ba', should_add_diagnostic_data=False, is_finetuning=False, node_name=None).
2025-02-18 22:21:00,610 [DEBUG]  Node 'rule_only_data_provider' running 'RuleOnlyDataProvider.provide'.
2025-02-18 22:21:00,611 [DEBUG]  Node 'domain_provider' running 'DomainProvider.provide_inference'.
2025-02-18 22:21:00,611 [DEBUG]  Node 'run_MemoizationPolicy0' running 'MemoizationPolicy.predict_action_probabilities'.
2025-02-18 22:21:00,611 [DEBUG]  [[32m[1mdebug    [0m] [1mmemoization.predict.actions   [0m [36mtracker_states[0m=[35m[{'user': {'intent': 'ask_architecture'}, 'prev_action': {'action_name': 'action_listen'}}, {'user': {'intent': 'ask_architecture'}, 'prev_action': {'action_name': 'utter_architecture_response'}}][0m
2025-02-18 22:21:00,611 [DEBUG]  There is a memorised next action 'action_listen'
2025-02-18 22:21:00,611 [DEBUG]  Node 'run_RulePolicy1' running 'RulePolicy.predict_action_probabilities'.
2025-02-18 22:21:00,612 [DEBUG]  [[32m[1mdebug    [0m] [1mrule_policy.actions.find      [0m [36mcurrent_states[0m=[35m
[state 1] user intent: greet | previous action name: action_listen
[state 2] user intent: greet | previous action name: utter_greet
[state 3] user intent: ask_architecture | previous action name: action_listen
[state 4] user intent: ask_architecture | previous action name: utter_architecture_response
[state 5] user intent: ask_architecture | previous action name: action_listen
[state 6] user intent: ask_architecture | previous action name: utter_architecture_response[0m
2025-02-18 22:21:00,612 [DEBUG]  There is a rule for the next action 'action_listen'.
2025-02-18 22:21:00,612 [DEBUG]  Node 'run_TEDPolicy2' running 'TEDPolicy.predict_action_probabilities'.
2025-02-18 22:21:00,615 [DEBUG]  TED predicted 'utter_acknowledge' based on user intent.
2025-02-18 22:21:00,615 [DEBUG]  Node 'select_prediction' running 'DefaultPolicyPredictionEnsemble.combine_predictions_from_kwargs'.
2025-02-18 22:21:00,615 [DEBUG]  Predicted next action using RulePolicy.
2025-02-18 22:21:00,615 [DEBUG]  Predicted next action 'action_listen' with confidence 1.00.
2025-02-18 22:21:00,615 [DEBUG]  [[32m[1mdebug    [0m] [1mprocessor.actions.policy_prediction[0m [36mprediction_events[0m=[35m[][0m
2025-02-18 22:21:00,615 [DEBUG]  [[32m[1mdebug    [0m] [1mprocessor.actions.log         [0m [36maction_name[0m=[35maction_listen[0m [36mrasa_events[0m=[35m[][0m
2025-02-18 22:21:00,615 [DEBUG]  No event broker configured. Skipping streaming events.
2025-02-18 22:21:00,617 [DEBUG]  Deleted lock for conversation 'PractikumStudent'.
2025-02-18 22:21:03,703 [DEBUG]  Issuing ticket for conversation 'PractikumStudent'.
2025-02-18 22:21:03,703 [DEBUG]  Acquiring lock for conversation 'PractikumStudent'.
2025-02-18 22:21:03,703 [DEBUG]  Acquired lock for conversation 'PractikumStudent'.
2025-02-18 22:21:03,705 [DEBUG]  Recreating tracker for id 'PractikumStudent'
2025-02-18 22:21:03,706 [DEBUG]  Running graph with inputs: {'__message__': [<rasa.core.channels.channel.UserMessage object at 0x000001FCA8E63940>], '__tracker__': <rasa.shared.core.trackers.DialogueStateTracker object at 0x000001FCAC84C100>}, targets: ['run_RegexMessageHandler'] and ExecutionContext(model_id='62e8a5f53d784eb4a041029ac42da9ba', should_add_diagnostic_data=False, is_finetuning=False, node_name=None).
2025-02-18 22:21:03,706 [DEBUG]  Node 'nlu_message_converter' running 'NLUMessageConverter.convert_user_message'.
2025-02-18 22:21:03,707 [DEBUG]  Node 'run_WhitespaceTokenizer0' running 'WhitespaceTokenizer.process'.
2025-02-18 22:21:03,717 [DEBUG]  Node 'run_RegexFeaturizer1' running 'RegexFeaturizer.process'.
2025-02-18 22:21:03,718 [DEBUG]  Node 'run_LexicalSyntacticFeaturizer2' running 'LexicalSyntacticFeaturizer.process'.
2025-02-18 22:21:03,718 [DEBUG]  Node 'run_CountVectorsFeaturizer3' running 'CountVectorsFeaturizer.process'.
2025-02-18 22:21:03,719 [DEBUG]  Node 'run_LanguageModelFeaturizer4' running 'LanguageModelFeaturizer.process'.
2025-02-18 22:21:03,884 [DEBUG]  Node 'run_DIETClassifier5' running 'DIETClassifier.process'.
2025-02-18 22:21:03,888 [DEBUG]  Node 'run_EntitySynonymMapper6' running 'EntitySynonymMapper.process'.
2025-02-18 22:21:03,888 [DEBUG]  Node 'run_ResponseSelector7' running 'ResponseSelector.process'.
2025-02-18 22:21:03,888 [DEBUG]  There is no trained model for 'ResponseSelector': The component is either not trained or didn't receive enough training data.
2025-02-18 22:21:03,889 [DEBUG]  Adding following selector key to message property: default
2025-02-18 22:21:03,889 [DEBUG]  Node 'domain_provider' running 'DomainProvider.provide_inference'.
2025-02-18 22:21:03,889 [DEBUG]  Node 'run_RegexMessageHandler' running 'RegexMessageHandler.process'.
2025-02-18 22:21:03,889 [DEBUG]  [[32m[1mdebug    [0m] [1mprocessor.message.parse       [0m [36mparse_data_entities[0m=[35m[][0m [36mparse_data_intent[0m=[35m{'name': 'goodbye', 'confidence': 0.3095373213291168}[0m [36mparse_data_text[0m=[35mСпасибо! Пока[0m
2025-02-18 22:21:03,890 [DEBUG]  Logged UserUtterance - tracker now has 22 events.
2025-02-18 22:21:03,890 [DEBUG]  Validating extracted slots: topic
2025-02-18 22:21:03,890 [DEBUG]  [[32m[1mdebug    [0m] [1mprocessor.extract.slots       [0m [36maction_extract_slot[0m=[35maction_extract_slots[0m [36mlen_extraction_events[0m=[35m1[0m [36mrasa_events[0m=[35m[SlotSet(key: topic, value: Спасибо! Пока)][0m
2025-02-18 22:21:03,890 [DEBUG]  Running graph with inputs: {'__tracker__': <rasa.shared.core.trackers.DialogueStateTracker object at 0x000001FCAC84C100>}, targets: ['select_prediction'] and ExecutionContext(model_id='62e8a5f53d784eb4a041029ac42da9ba', should_add_diagnostic_data=False, is_finetuning=False, node_name=None).
2025-02-18 22:21:03,891 [DEBUG]  Node 'rule_only_data_provider' running 'RuleOnlyDataProvider.provide'.
2025-02-18 22:21:03,891 [DEBUG]  Node 'domain_provider' running 'DomainProvider.provide_inference'.
2025-02-18 22:21:03,891 [DEBUG]  Node 'run_MemoizationPolicy0' running 'MemoizationPolicy.predict_action_probabilities'.
2025-02-18 22:21:03,892 [DEBUG]  [[32m[1mdebug    [0m] [1mmemoization.predict.actions   [0m [36mtracker_states[0m=[35m[{'user': {'intent': 'ask_architecture'}, 'prev_action': {'action_name': 'utter_architecture_response'}}, {'user': {'intent': 'goodbye'}, 'prev_action': {'action_name': 'action_listen'}}][0m
2025-02-18 22:21:03,892 [DEBUG]  There is a memorised next action 'utter_goodbye'
2025-02-18 22:21:03,892 [DEBUG]  Node 'run_RulePolicy1' running 'RulePolicy.predict_action_probabilities'.
2025-02-18 22:21:03,892 [DEBUG]  [[32m[1mdebug    [0m] [1mrule_policy.actions.find      [0m [36mcurrent_states[0m=[35m
[state 1] user intent: greet | previous action name: action_listen
[state 2] user intent: greet | previous action name: utter_greet
[state 3] user intent: ask_architecture | previous action name: action_listen
[state 4] user intent: ask_architecture | previous action name: utter_architecture_response
[state 5] user intent: ask_architecture | previous action name: action_listen
[state 6] user intent: ask_architecture | previous action name: utter_architecture_response
[state 7] user text: Спасибо! Пока | previous action name: action_listen[0m
2025-02-18 22:21:03,893 [DEBUG]  There is no applicable rule.
2025-02-18 22:21:03,893 [DEBUG]  [[32m[1mdebug    [0m] [1mrule_policy.actions.find      [0m [36mcurrent_states[0m=[35m
[state 1] user intent: greet | previous action name: action_listen
[state 2] user intent: greet | previous action name: utter_greet
[state 3] user intent: ask_architecture | previous action name: action_listen
[state 4] user intent: ask_architecture | previous action name: utter_architecture_response
[state 5] user intent: ask_architecture | previous action name: action_listen
[state 6] user intent: ask_architecture | previous action name: utter_architecture_response
[state 7] user intent: goodbye | previous action name: action_listen[0m
2025-02-18 22:21:03,894 [DEBUG]  There is a rule for the next action 'utter_goodbye'.
2025-02-18 22:21:03,894 [DEBUG]  Node 'run_TEDPolicy2' running 'TEDPolicy.predict_action_probabilities'.
2025-02-18 22:21:03,898 [DEBUG]  TED predicted 'action_session_start' based on user intent.
2025-02-18 22:21:03,898 [DEBUG]  Node 'select_prediction' running 'DefaultPolicyPredictionEnsemble.combine_predictions_from_kwargs'.
2025-02-18 22:21:03,898 [DEBUG]  Made prediction using user intent.
2025-02-18 22:21:03,898 [DEBUG]  Added `DefinePrevUserUtteredFeaturization(False)` event.
2025-02-18 22:21:03,899 [DEBUG]  Predicted next action using RulePolicy.
2025-02-18 22:21:03,899 [DEBUG]  Predicted next action 'utter_goodbye' with confidence 1.00.
2025-02-18 22:21:03,899 [DEBUG]  [[32m[1mdebug    [0m] [1mprocessor.actions.policy_prediction[0m [36mprediction_events[0m=[35m[<rasa.shared.core.events.DefinePrevUserUtteredFeaturization object at 0x000001FCA85F26D0>][0m
2025-02-18 22:21:03,899 [DEBUG]  [[32m[1mdebug    [0m] [1mprocessor.actions.log         [0m [36maction_name[0m=[35mutter_goodbye[0m [36mrasa_events[0m=[35m[BotUttered('До встречи! Если возникнут еще вопросы, не стесняйтесь задавать.', {"elements": null, "quick_replies": null, "buttons": null, "attachment": null, "image": null, "custom": null}, {"utter_action": "utter_goodbye"}, 1739906463.8998826)][0m
2025-02-18 22:21:03,900 [DEBUG]  Running graph with inputs: {'__tracker__': <rasa.shared.core.trackers.DialogueStateTracker object at 0x000001FCAC84C100>}, targets: ['select_prediction'] and ExecutionContext(model_id='62e8a5f53d784eb4a041029ac42da9ba', should_add_diagnostic_data=False, is_finetuning=False, node_name=None).
2025-02-18 22:21:03,900 [DEBUG]  Node 'rule_only_data_provider' running 'RuleOnlyDataProvider.provide'.
2025-02-18 22:21:03,900 [DEBUG]  Node 'domain_provider' running 'DomainProvider.provide_inference'.
2025-02-18 22:21:03,900 [DEBUG]  Node 'run_MemoizationPolicy0' running 'MemoizationPolicy.predict_action_probabilities'.
2025-02-18 22:21:03,901 [DEBUG]  [[32m[1mdebug    [0m] [1mmemoization.predict.actions   [0m [36mtracker_states[0m=[35m[{'user': {'intent': 'goodbye'}, 'prev_action': {'action_name': 'action_listen'}}, {'user': {'intent': 'goodbye'}, 'prev_action': {'action_name': 'utter_goodbye'}}][0m
2025-02-18 22:21:03,901 [DEBUG]  There is a memorised next action 'action_listen'
2025-02-18 22:21:03,901 [DEBUG]  Node 'run_RulePolicy1' running 'RulePolicy.predict_action_probabilities'.
2025-02-18 22:21:03,901 [DEBUG]  [[32m[1mdebug    [0m] [1mrule_policy.actions.find      [0m [36mcurrent_states[0m=[35m
[state 1] user intent: greet | previous action name: action_listen
[state 2] user intent: greet | previous action name: utter_greet
[state 3] user intent: ask_architecture | previous action name: action_listen
[state 4] user intent: ask_architecture | previous action name: utter_architecture_response
[state 5] user intent: ask_architecture | previous action name: action_listen
[state 6] user intent: ask_architecture | previous action name: utter_architecture_response
[state 7] user intent: goodbye | previous action name: action_listen
[state 8] user intent: goodbye | previous action name: utter_goodbye[0m
2025-02-18 22:21:03,902 [DEBUG]  There is a rule for the next action 'action_listen'.
2025-02-18 22:21:03,902 [DEBUG]  Node 'run_TEDPolicy2' running 'TEDPolicy.predict_action_probabilities'.
2025-02-18 22:21:03,905 [DEBUG]  TED predicted 'utter_architecture_response' based on user intent.
2025-02-18 22:21:03,906 [DEBUG]  Node 'select_prediction' running 'DefaultPolicyPredictionEnsemble.combine_predictions_from_kwargs'.
2025-02-18 22:21:03,906 [DEBUG]  Predicted next action using RulePolicy.
2025-02-18 22:21:03,906 [DEBUG]  Predicted next action 'action_listen' with confidence 1.00.
2025-02-18 22:21:03,908 [DEBUG]  [[32m[1mdebug    [0m] [1mprocessor.actions.policy_prediction[0m [36mprediction_events[0m=[35m[][0m
2025-02-18 22:21:03,908 [DEBUG]  [[32m[1mdebug    [0m] [1mprocessor.actions.log         [0m [36maction_name[0m=[35maction_listen[0m [36mrasa_events[0m=[35m[][0m
2025-02-18 22:21:03,908 [DEBUG]  No event broker configured. Skipping streaming events.
2025-02-18 22:21:03,909 [DEBUG]  Deleted lock for conversation 'PractikumStudent'.
